first line

asjhdfgyiasgfka

another change
ajfhkk
hasdjhk
this is a test file.

this is 2nd comment.



a brand
testing next commit


replaced a sentence
